// Vitest Snapshot v1, https://vitest.dev/guide/snapshot.html

exports[`TodoItem > TodoItem snapshot 1`] = `
{
  "asFragment": [Function],
  "baseElement": <body>
    <div>
      <li
        class="_item_00e4ad"
      >
        <label
          class="_label_00e4ad"
        >
          <input
            class="_checkbox_00e4ad"
            type="checkbox"
          />
          <span
            class="_title_00e4ad"
          >
            предложить оффер
          </span>
        </label>
      </li>
    </div>
  </body>,
  "container": <div>
    <li
      class="_item_00e4ad"
    >
      <label
        class="_label_00e4ad"
      >
        <input
          class="_checkbox_00e4ad"
          type="checkbox"
        />
        <span
          class="_title_00e4ad"
        >
          предложить оффер
        </span>
      </label>
    </li>
  </div>,
  "debug": [Function],
  "findAllByAltText": [Function],
  "findAllByDisplayValue": [Function],
  "findAllByLabelText": [Function],
  "findAllByPlaceholderText": [Function],
  "findAllByRole": [Function],
  "findAllByTestId": [Function],
  "findAllByText": [Function],
  "findAllByTitle": [Function],
  "findByAltText": [Function],
  "findByDisplayValue": [Function],
  "findByLabelText": [Function],
  "findByPlaceholderText": [Function],
  "findByRole": [Function],
  "findByTestId": [Function],
  "findByText": [Function],
  "findByTitle": [Function],
  "getAllByAltText": [Function],
  "getAllByDisplayValue": [Function],
  "getAllByLabelText": [Function],
  "getAllByPlaceholderText": [Function],
  "getAllByRole": [Function],
  "getAllByTestId": [Function],
  "getAllByText": [Function],
  "getAllByTitle": [Function],
  "getByAltText": [Function],
  "getByDisplayValue": [Function],
  "getByLabelText": [Function],
  "getByPlaceholderText": [Function],
  "getByRole": [Function],
  "getByTestId": [Function],
  "getByText": [Function],
  "getByTitle": [Function],
  "queryAllByAltText": [Function],
  "queryAllByDisplayValue": [Function],
  "queryAllByLabelText": [Function],
  "queryAllByPlaceholderText": [Function],
  "queryAllByRole": [Function],
  "queryAllByTestId": [Function],
  "queryAllByText": [Function],
  "queryAllByTitle": [Function],
  "queryByAltText": [Function],
  "queryByDisplayValue": [Function],
  "queryByLabelText": [Function],
  "queryByPlaceholderText": [Function],
  "queryByRole": [Function],
  "queryByTestId": [Function],
  "queryByText": [Function],
  "queryByTitle": [Function],
  "rerender": [Function],
  "unmount": [Function],
}
`;
